seed=12345 ticks=10000 hash=ea50aa8c6fbd16cb production_signal=-19 next_sequence=1668
repeat same seed hash=ea50aa8c6fbd16cb
seed=54321 ticks=10000 hash=5edace93f102180b production_signal=95
named-stream isolation: PASS
scheduled-event ordering: PASS
deterministic delta commit: PASS
determinism reference: PASS
normal case:
  on_hand_mkg=838418883
  produced_mkg=900000000
  consumed_mkg=750000000
  spoiled_mkg=11581117
  unmet_mkg=0
shortage case:
  on_hand_mkg=0
  produced_mkg=50000000
  consumed_mkg=99980008
  spoiled_mkg=19992
  unmet_mkg=150019992
conservation-of-goods: PASS
exact hourly rate distribution: PASS
unmet demand accounting: PASS
spoilage hook: PASS
surplus {'fundamental_mcp': 1000, 'bid_mcp': 996, 'ask_mcp': 1004, 'components': PriceExplanation(reserve_bps=-5000, unmet_bps=0, incoming_bps=0, risk_bps=0, total_multiplier_bps=5000)}
normal {'fundamental_mcp': 2000, 'bid_mcp': 1992, 'ask_mcp': 2008, 'components': PriceExplanation(reserve_bps=0, unmet_bps=0, incoming_bps=0, risk_bps=0, total_multiplier_bps=10000)}
shortage {'fundamental_mcp': 3500, 'bid_mcp': 3486, 'ask_mcp': 3514, 'components': PriceExplanation(reserve_bps=7500, unmet_bps=0, incoming_bps=0, risk_bps=0, total_multiplier_bps=17500)}
severe {'fundamental_mcp': 5260, 'bid_mcp': 5239, 'ask_mcp': 5281, 'components': PriceExplanation(reserve_bps=13927, unmet_bps=2500, incoming_bps=-428, risk_bps=300, total_multiplier_bps=26299)}
small buy {'average_price_mcp': 2013, 'terminal_impact_bps': 50, 'total_mcp': 20130000}
large buy {'average_price_mcp': 2058, 'terminal_impact_bps': 500, 'total_mcp': 205800000}
price monotonicity: PASS
incoming supply expectation: PASS
market slippage: PASS
integer pricing: PASS
route=SEA-ATH-WD travel_ticks=5184 cost_mcp=31500000
shipment_eta=105184 progress_final_bps=10000
reservation/departure accounting: PASS
derived position: PASS
arrival idempotency: PASS
route capacity hook: PASS
loss state hook: PASS
forward Opportunity(origin='ATHEX', destination='WDEX', quantity_milli=100000000, purchase_mcp=165500000, expected_revenue_mcp=337800000, transport_mcp=31500000, expected_loss_mcp=1655000, expected_profit_mcp=139145000, roi_bps=7063, accepted=True)
reverse Opportunity(origin='WDEX', destination='ATHEX', quantity_milli=100000000, purchase_mcp=342300000, expected_revenue_mcp=163100000, transport_mcp=31500000, expected_loss_mcp=3423000, expected_profit_mcp=-214123000, roi_bps=-5729, accepted=False)
convergence accepted_trades=3 final_attempt_roi_bps=254
stocks origin=650000000 destination=940000000 capital=799304000
positive opportunity selection: PASS
negative reverse trade rejection: PASS
capital/capacity constraint hooks: PASS
arbitrage convergence: PASS
without merchant  Result(wd_stock=0, wd_unmet=3560000000, wd_avg_price=4911.85, wd_max_price=5032, ath_stock=7550000000, shipments=0, realized_profit=0, capital=500000000)
2-slot logistics  Result(wd_stock=0, wd_unmet=2360000000, wd_avg_price=4765.773972602739, wd_max_price=5032, ath_stock=6150000000, shipments=14, realized_profit=4317000000, capital=4592800000)
8-slot logistics  Result(wd_stock=1068750000, wd_unmet=428750000, wd_avg_price=3538.3581560283687, wd_max_price=5032, ath_stock=2550000000, shipments=50, realized_profit=9223500000, capital=8826700000)
merchant reduces unmet demand: PASS
merchant reduces average scarcity price: PASS
higher logistics throughput reduces shortage further: PASS
route/merchant throughput bottleneck is economically visible: PASS
no negative stock/capital: PASS
integrated 120-day vertical slice: PASS

=== sprint1_reference.py ===

=== sprint2_grain.py ===

=== sprint3_pricing.py ===

=== sprint4_logistics.py ===

=== sprint5_merchant.py ===

=== sprint6_validation.py ===

REFERENCE SUITE: PASS
