TAP version 13
# Subtest: display center maps to configured image center
ok 1 - display center maps to configured image center
  ---
  duration_ms: 0.65132
  type: 'test'
  ...
# Subtest: normalization is resolution independent
ok 2 - normalization is resolution independent
  ---
  duration_ms: 0.540236
  type: 'test'
  ...
# Subtest: vault nominal scale is preserved
ok 3 - vault nominal scale is preserved
  ---
  duration_ms: 0.112085
  type: 'test'
  ...
# Subtest: control point export is bounded and normalized
ok 4 - control point export is bounded and normalized
  ---
  duration_ms: 1.025482
  type: 'test'
  ...
1..4
# tests 4
# suites 0
# pass 4
# fail 0
# cancelled 0
# skipped 0
# todo 0
# duration_ms 61.320321
