TAP version 13
# Subtest: all six exchanges participate in network model
ok 1 - all six exchanges participate in network model
  ---
  duration_ms: 1.196243
  type: 'test'
  ...
# Subtest: route selection can choose multi-hop path
ok 2 - route selection can choose multi-hop path
  ---
  duration_ms: 0.581207
  type: 'test'
  ...
# Subtest: executable arbitrage includes slippage freight and expected loss
ok 3 - executable arbitrage includes slippage freight and expected loss
  ---
  duration_ms: 1.698214
  type: 'test'
  ...
# Subtest: route capacity can make a theoretical spread untradeable
ok 4 - route capacity can make a theoretical spread untradeable
  ---
  duration_ms: 0.256408
  type: 'test'
  ...
1..4
# tests 4
# suites 0
# pass 4
# fail 0
# cancelled 0
# skipped 0
# todo 0
# duration_ms 58.764656
