TAP version 13
# Subtest: blockade previews concrete route without price mutation
ok 1 - blockade previews concrete route without price mutation
  ---
  duration_ms: 1.287477
  type: 'test'
  ...
# Subtest: direct price overrides are rejected
ok 2 - direct price overrides are rejected
  ---
  duration_ms: 0.389084
  type: 'test'
  ...
# Subtest: advance cannot move campaign time backwards
ok 3 - advance cannot move campaign time backwards
  ---
  duration_ms: 0.159926
  type: 'test'
  ...
# Subtest: causal explanation ranks deterministic contributions and preserves evidence
ok 4 - causal explanation ranks deterministic contributions and preserves evidence
  ---
  duration_ms: 0.345138
  type: 'test'
  ...
1..4
# tests 4
# suites 0
# pass 4
# fail 0
# cancelled 0
# skipped 0
# todo 0
# duration_ms 58.465706
